
> akhbaralyawm-web@0.1.0 build
> next build

Γû▓ Next.js 16.2.1 (Turbopack)
- Environments: .env.local, .env.production

  Creating an optimized production build ...
Γ£ô Compiled successfully in 3.3s
  Running TypeScript ...
  Finished TypeScript in 2.1s ...
  Collecting page data using 11 workers ...
  Generating static pages using 11 workers (0/24) ...
  Generating static pages using 11 workers (6/24) 
  Generating static pages using 11 workers (12/24) 
  Generating static pages using 11 workers (18/24) 
Γ£ô Generating static pages using 11 workers (24/24) in 174ms
  Finalizing page optimization ...

Route (app)
Γöî ╞Æ /_not-found
Γö£ ╞Æ /[locale]
Γö£ ╞Æ /[locale]/about
Γö£ ╞Æ /[locale]/author/[slug]
Γö£ ╞Æ /[locale]/category/[slug]
Γö£ ╞Æ /[locale]/contact
Γö£ ╞Æ /[locale]/mix
Γö£ ╞Æ /[locale]/news/[slugId]
Γö£ ╞Æ /[locale]/read/[id]
Γö£ ╞Æ /[locale]/search
Γö£ ╞Æ /api/author/articles
Γö£ ╞Æ /api/category/articles
Γö£ ╞Æ /api/preview
Γö£ ╞Æ /api/preview/exit
Γö£ ╞Æ /api/search/articles
Γö£ Γùï /robots.txt
Γöö ╞Æ /sitemap.xml


╞Æ Proxy (Middleware)

Γùï  (Static)   prerendered as static content
╞Æ  (Dynamic)  server-rendered on demand

